Added Sukoon 90-Day Mindful Reflection & Gratitude Journal to cart!

Save this delivery address for faster 1-click checkout

100% Encrypted • 256-Bit SSL

discound copuncode section

100% Genuine Ayurvedic & Wellness

7-Day Hassle-Free Replacement

Dispatches Within 24 Hours

netbanking

credit and debit card 